........................................................................ [ 60%]
...........................................F....                         [100%]
=================================== FAILURES ===================================
___________ test_d14_read_bytes_returned_at_crossing_remain_charged ____________

    def test_d14_read_bytes_returned_at_crossing_remain_charged() -> None:
        subject = _subject()
        invocation = _invocation(subject)
        binding, child, events = _status_ready_prefix(subject, invocation)
        before = _reduce_strict(subject, invocation, events)
        events, admission, completion = _append_effect(
            events,
            invocation,
            binding,
            child,
            ProcessStage.READ,
            ProcessTarget.STATUS,
            admission_ns=REQUESTED_DEADLINE_NS - 1,
            completion_ns=REQUESTED_DEADLINE_NS,
            result=(Channel.STATUS, b"x", b"x"),
        )
        state = _reduce_strict(subject, invocation, events)
    
        assert completion.crossed is True
>       assert state.status_acquired == before.status_acquired + b"x"
E       AssertionError: assert b'' == b'x'
E         
E         Use -v to get more diff

tests/unit/kernel/test_process_receipt_v3_deadline_hostile.py:3604: AssertionError
=========================== short test summary info ============================
FAILED tests/unit/kernel/test_process_receipt_v3_deadline_hostile.py::test_d14_read_bytes_returned_at_crossing_remain_charged
1 failed, 119 passed in 0.76s
