Phase R2 — retro (5)
  R2 credit-g       mean=+0.00335 sd=0.01608 P(neg)=0.392 conf=False obs_sign=-1 cfchk=8.15e-03
  R2 diabetes       mean=+0.02168 sd=0.02179 P(neg)=0.148 conf=False obs_sign=-1 cfchk=1.07e-02
  R2 spambase       mean=+0.09494 sd=0.01540 P(neg)=0.000 conf=True obs_sign=+1 cfchk=5.57e-04
  R2 qsar-biodeg    mean=+0.00000 sd=0.00000 P(neg)=0.000 conf=False obs_sign=+0 cfchk=0.00e+00
  R2 wdbc           mean=+0.00843 sd=0.01691 P(neg)=0.269 conf=False obs_sign=-1 cfchk=2.54e-03
Phase P2 — prospective fresh 12 (scan past 1480)
  P2 openml-1485     mean=+0.01875 sd=0.02140 P(neg)=0.185 conf=False obs_sign=-1
  P2 openml-1486     mean=+0.00271 sd=0.00167 P(neg)=0.049 conf=False obs_sign=+1
  P2 openml-1487     mean=+0.00000 sd=0.00000 P(neg)=0.000 conf=False obs_sign=+0
  P2 openml-1489     mean=+0.06206 sd=0.01185 P(neg)=0.000 conf=True obs_sign=+1
  P2 openml-1590     mean=+0.00300 sd=0.00208 P(neg)=0.072 conf=False obs_sign=-1
  P2 openml-4134     mean=+0.02217 sd=0.01535 P(neg)=0.072 conf=False obs_sign=+1
  P2 openml-6332     mean=+0.06765 sd=0.03503 P(neg)=0.024 conf=False obs_sign=-1
  P2 openml-23517    mean=+0.00832 sd=0.00309 P(neg)=0.004 conf=True obs_sign=+1
  P2 openml-40701    mean=+0.00000 sd=0.00000 P(neg)=0.000 conf=False obs_sign=+0
  P2 openml-40983    mean=+0.01573 sd=0.00426 P(neg)=0.000 conf=True obs_sign=+1
  P2 openml-40994    mean=+0.01833 sd=0.02241 P(neg)=0.181 conf=False obs_sign=-1
{
  "gates": {
    "R2_arm_reproduction": {
      "status": "OK",
      "n_compared": 15,
      "max_abs_diff": 0.0
    },
    "R2_mc_closed_form": {
      "violations": [
        "credit-g",
        "diabetes",
        "spambase",
        "wdbc",
        "openml-1485",
        "openml-1486",
        "openml-1489",
        "openml-1590",
        "openml-4134",
        "openml-6332",
        "openml-23517",
        "openml-40983",
        "openml-40994"
      ],
      "pass": false
    },
    "G1_confident_set": {
      "violations": [],
      "pass": true
    },
    "G2_calibration": {
      "inside": 9,
      "n": 16,
      "p_value": 0.02666,
      "pass": false
    },
    "G4_zero_stratum": {
      "violations": [],
      "pass": true
    },
    "sensitivity_jeffreys": {
      "sign_breaks": [],
      "pass": true
    }
  },
  "terminal": "V2_INCOMPLETE_NO_VERDICT"
}
EXIT=3
