test_boundary_witness_is_preferred_over_optimistic_low_excess (papers.orion-02-fiberguard-finite-fibre.rounds.r24-arm-conditional-fibres-revival.test_fiberguard_pmlb_arm_conditional_r24.ArmConditionalPoolTests.test_boundary_witness_is_preferred_over_optimistic_low_excess) ... ok
test_lexical_control_ignores_geometry_but_keeps_good_boundary_rule (papers.orion-02-fiberguard-finite-fibre.rounds.r24-arm-conditional-fibres-revival.test_fiberguard_pmlb_arm_conditional_r24.ArmConditionalPoolTests.test_lexical_control_ignores_geometry_but_keeps_good_boundary_rule) ... ok
test_members_beyond_radius_or_above_tau_are_rejected (papers.orion-02-fiberguard-finite-fibre.rounds.r24-arm-conditional-fibres-revival.test_fiberguard_pmlb_arm_conditional_r24.ArmConditionalPoolTests.test_members_beyond_radius_or_above_tau_are_rejected) ... ok
test_pool_uses_only_local_tau_good_members (papers.orion-02-fiberguard-finite-fibre.rounds.r24-arm-conditional-fibres-revival.test_fiberguard_pmlb_arm_conditional_r24.ArmConditionalPoolTests.test_pool_uses_only_local_tau_good_members) ... ok
test_selection_is_invariant_to_mapping_insertion_order (papers.orion-02-fiberguard-finite-fibre.rounds.r24-arm-conditional-fibres-revival.test_fiberguard_pmlb_arm_conditional_r24.ArmConditionalPoolTests.test_selection_is_invariant_to_mapping_insertion_order) ... ok
test_radius_is_smallest_hamming_ball_with_two_expected_members (papers.orion-02-fiberguard-finite-fibre.rounds.r24-arm-conditional-fibres-revival.test_fiberguard_pmlb_arm_conditional_r24.DensityRadiusTests.test_radius_is_smallest_hamming_ball_with_two_expected_members) ... ok
test_slurm_binds_exact_source_commit_and_clean_tree (papers.orion-02-fiberguard-finite-fibre.rounds.r24-arm-conditional-fibres-revival.test_fiberguard_pmlb_arm_conditional_r24.ExecutionBindingTests.test_slurm_binds_exact_source_commit_and_clean_tree) ... ok
test_slurm_reproduces_the_verified_r23_parent_environment (papers.orion-02-fiberguard-finite-fibre.rounds.r24-arm-conditional-fibres-revival.test_fiberguard_pmlb_arm_conditional_r24.ExecutionBindingTests.test_slurm_reproduces_the_verified_r23_parent_environment)
Job 3550262 task 0 identified the only byte-identical R23 profile. ... ok
test_wrapper_requires_two_runs_byte_identity_and_two_verifier_passes (papers.orion-02-fiberguard-finite-fibre.rounds.r24-arm-conditional-fibres-revival.test_fiberguard_pmlb_arm_conditional_r24.ExecutionBindingTests.test_wrapper_requires_two_runs_byte_identity_and_two_verifier_passes) ... ok
test_each_arm_receives_its_own_exact_tau_good_fibre (papers.orion-02-fiberguard-finite-fibre.rounds.r24-arm-conditional-fibres-revival.test_fiberguard_pmlb_arm_conditional_r24.IntegratedShieldTests.test_each_arm_receives_its_own_exact_tau_good_fibre) ... ok
test_evaluation_record_binds_committed_arm_pool_and_exact_bound (papers.orion-02-fiberguard-finite-fibre.rounds.r24-arm-conditional-fibres-revival.test_fiberguard_pmlb_arm_conditional_r24.IntegratedShieldTests.test_evaluation_record_binds_committed_arm_pool_and_exact_bound) ... ok
test_full_state_receipt_keeps_arm_specific_member_maps (papers.orion-02-fiberguard-finite-fibre.rounds.r24-arm-conditional-fibres-revival.test_fiberguard_pmlb_arm_conditional_r24.IntegratedShieldTests.test_full_state_receipt_keeps_arm_specific_member_maps) ... ok
test_hostile_scorer_cannot_commit_an_uncertified_arm (papers.orion-02-fiberguard-finite-fibre.rounds.r24-arm-conditional-fibres-revival.test_fiberguard_pmlb_arm_conditional_r24.IntegratedShieldTests.test_hostile_scorer_cannot_commit_an_uncertified_arm) ... ok
test_nine_fold_phase_is_deterministic_and_custody_disjoint (papers.orion-02-fiberguard-finite-fibre.rounds.r24-arm-conditional-fibres-revival.test_fiberguard_pmlb_arm_conditional_r24.IntegratedShieldTests.test_nine_fold_phase_is_deterministic_and_custody_disjoint) ... ok
test_nontrivial_exact_arm_cell_is_preserved (papers.orion-02-fiberguard-finite-fibre.rounds.r24-arm-conditional-fibres-revival.test_fiberguard_pmlb_arm_conditional_r24.IntegratedShieldTests.test_nontrivial_exact_arm_cell_is_preserved) ... ok
test_query_inside_shield_table_fails_closed (papers.orion-02-fiberguard-finite-fibre.rounds.r24-arm-conditional-fibres-revival.test_fiberguard_pmlb_arm_conditional_r24.IntegratedShieldTests.test_query_inside_shield_table_fails_closed) ... ok
test_synthetic_policy_replay_is_byte_deterministic (papers.orion-02-fiberguard-finite-fibre.rounds.r24-arm-conditional-fibres-revival.test_fiberguard_pmlb_arm_conditional_r24.IntegratedShieldTests.test_synthetic_policy_replay_is_byte_deterministic) ... ok
test_coverage_then_strict_validity_precedence (papers.orion-02-fiberguard-finite-fibre.rounds.r24-arm-conditional-fibres-revival.test_fiberguard_pmlb_arm_conditional_r24.TerminalTests.test_coverage_then_strict_validity_precedence) ... ok
test_gate_pass_still_requires_value_adjudication (papers.orion-02-fiberguard-finite-fibre.rounds.r24-arm-conditional-fibres-revival.test_fiberguard_pmlb_arm_conditional_r24.TerminalTests.test_gate_pass_still_requires_value_adjudication) ... ok
test_independent_arm_pool_rebuilds_boundary_witnesses (papers.orion-02-fiberguard-finite-fibre.rounds.r24-arm-conditional-fibres-revival.test_verify_fiberguard_pmlb_arm_conditional_r24.IndependentMechanicsTests.test_independent_arm_pool_rebuilds_boundary_witnesses) ... ok
test_independent_density_radius (papers.orion-02-fiberguard-finite-fibre.rounds.r24-arm-conditional-fibres-revival.test_verify_fiberguard_pmlb_arm_conditional_r24.IndependentMechanicsTests.test_independent_density_radius) ... ok
test_record_comparison_tolerates_only_one_serialized_bound_unit (papers.orion-02-fiberguard-finite-fibre.rounds.r24-arm-conditional-fibres-revival.test_verify_fiberguard_pmlb_arm_conditional_r24.IndependentMechanicsTests.test_record_comparison_tolerates_only_one_serialized_bound_unit) ... ok
test_terminal_is_derived_not_trusted (papers.orion-02-fiberguard-finite-fibre.rounds.r24-arm-conditional-fibres-revival.test_verify_fiberguard_pmlb_arm_conditional_r24.IndependentMechanicsTests.test_terminal_is_derived_not_trusted) ... ok
test_verifier_does_not_import_the_r24_executor (papers.orion-02-fiberguard-finite-fibre.rounds.r24-arm-conditional-fibres-revival.test_verify_fiberguard_pmlb_arm_conditional_r24.IndependentMechanicsTests.test_verifier_does_not_import_the_r24_executor) ... ok

----------------------------------------------------------------------
Ran 24 tests in 47.055s

OK
R24_WRAPPER_FAILURE_ARTIFACTS /projects/hep/fs9/scratch/scyiu-orion-ci/wtO02R24/papers/orion-02-fiberguard-finite-fibre/rounds/r24-arm-conditional-fibres-revival/failed-executions/3550275
