Loading source ontology
file:/tmp/p3-v15-aml-java8-run/case/source.rdf loaded in 0 seconds
Classes: 49
Individuals: 57
Properties: 77
Loading target ontology
file:/tmp/p3-v15-aml-java8-run/case/target.rdf loaded in 0 seconds
Classes: 49
Individuals: 62
Properties: 77
Direct Relationships: 68
Running transitive closure on RelationshipMap
Transitive closure finished in 0 seconds
Extended Relationships: 118
Disjoints: 0
Reading config.ini file
Finished!
Running Lexical Matcher
Finished in 0 seconds
Running WordNet Matcher
Finished in 0 seconds
WordNet selected
Building Word Lexicons
Running Word Matcher
Blocks to match: 1x1
.
Finished in 0 seconds
Running String Matcher
Finished in 0 seconds
Running Multi-Word Matcher
Finished in 0 seconds
Running Spaceless Lexical Matcher
Finished in 0 seconds
Extending Alignment with Neighbor Similarity Matcher
Finished in 0 seconds
Performing Selection
Finished in 0 seconds
Building Repair Map
Nothing to repair!
Alignment is coherent
