OB Q43G_tr2_dc-3_dnc-3_tag2 margins=(-3,-3) evals=836 gaps=24 p1_gaps=0 min_gap=-2 [27.2s]
OB Q43G_tr2_dc-3_dnc-2_tag2 margins=(-3,-2) evals=836 gaps=34 p1_gaps=0 min_gap=-3 [27.7s]
OB Q43G_tr2_dc-3_dnc-1_tag2 margins=(-3,-1) evals=836 gaps=34 p1_gaps=0 min_gap=-3 [27.7s]
OB Q43G_tr2_dc-3_dnc0_tag2 margins=(-3,0) evals=836 gaps=34 p1_gaps=0 min_gap=-3 [27.8s]
OB Q43G_tr2_dc-3_dnc1_tag2 margins=(-3,1) evals=836 gaps=34 p1_gaps=0 min_gap=-3 [27.9s]
OB Q43G_tr2_dc-3_dnc2_tag2 margins=(-3,2) evals=836 gaps=34 p1_gaps=0 min_gap=-3 [27.9s]
OB Q43G_tr2_dc-2_dnc-2_tag2 margins=(-2,-2) evals=836 gaps=1 p1_gaps=0 min_gap=-2 [25.7s]
OB Q43G_tr2_dc-2_dnc-1_tag2 margins=(-2,-1) evals=836 gaps=1 p1_gaps=0 min_gap=-2 [26.4s]
OB Q43G_tr2_dc-2_dnc0_tag2 margins=(-2,0) evals=836 gaps=1 p1_gaps=0 min_gap=-2 [26.1s]
OB Q43G_tr2_dc-2_dnc1_tag2 margins=(-2,1) evals=836 gaps=1 p1_gaps=0 min_gap=-2 [26.6s]
OB Q43G_tr2_dc-2_dnc2_tag2 margins=(-2,2) evals=836 gaps=1 p1_gaps=0 min_gap=-2 [26.1s]
OB Q43G_tr2_dc-1_dnc-1_tag2 margins=(-1,-1) evals=836 gaps=0 p1_gaps=0 min_gap=0 [26.3s]
OB Q43G_tr2_dc-1_dnc0_tag2 margins=(-1,0) evals=836 gaps=0 p1_gaps=0 min_gap=0 [26.6s]
OB Q43G_tr2_dc-1_dnc1_tag2 margins=(-1,1) evals=836 gaps=0 p1_gaps=0 min_gap=0 [26.5s]
OB Q43G_tr2_dc-1_dnc2_tag2 margins=(-1,2) evals=836 gaps=0 p1_gaps=0 min_gap=0 [26.6s]
OB Q43G_tr2_dc0_dnc0_tag2 margins=(0,0) evals=836 gaps=0 p1_gaps=0 min_gap=0 [25.9s]
OB Q43G_tr2_dc0_dnc1_tag2 margins=(0,1) evals=836 gaps=0 p1_gaps=0 min_gap=0 [26.5s]
OB Q43G_tr2_dc0_dnc2_tag2 margins=(0,2) evals=836 gaps=0 p1_gaps=0 min_gap=0 [26.2s]
OB Q43G_tr2_dc1_dnc1_tag2 margins=(1,1) evals=836 gaps=0 p1_gaps=0 min_gap=0 [26.4s]
OB Q43G_tr2_dc1_dnc2_tag2 margins=(1,2) evals=836 gaps=0 p1_gaps=0 min_gap=0 [26.5s]
OB Q43G_tr2_dc2_dnc2_tag2 margins=(2,2) evals=836 gaps=0 p1_gaps=0 min_gap=0 [26.1s]
OB Q43G_tr3_dc-5_dnc0_tag2 margins=(-5,0) evals=736 gaps=2 p1_gaps=0 min_gap=-2 [17.4s]
OB Q43G_tr3_dc-5_dnc1_tag2 margins=(-5,1) evals=736 gaps=2 p1_gaps=0 min_gap=-2 [17.1s]
OB Q43G_tr3_dc-4_dnc0_tag2 margins=(-4,0) evals=736 gaps=2 p1_gaps=0 min_gap=-1 [16.9s]
OB Q43G_tr3_dc-4_dnc1_tag2 margins=(-4,1) evals=736 gaps=2 p1_gaps=0 min_gap=-1 [17.2s]
OB Q43G_tr3_dc-3_dnc0_tag2 margins=(-3,0) evals=736 gaps=0 p1_gaps=0 min_gap=0 [16.7s]
OB Q43G_tr3_dc-3_dnc1_tag2 margins=(-3,1) evals=736 gaps=0 p1_gaps=0 min_gap=0 [16.7s]
OB Q43G_tr3_dc-2_dnc0_tag2 margins=(-2,0) evals=736 gaps=0 p1_gaps=0 min_gap=0 [17.0s]
OB Q43G_tr3_dc-2_dnc1_tag2 margins=(-2,1) evals=736 gaps=0 p1_gaps=0 min_gap=0 [16.6s]
OB Q43G_tr3_dc-1_dnc0_tag2 margins=(-1,0) evals=736 gaps=0 p1_gaps=0 min_gap=0 [16.7s]
OB Q43G_tr3_dc-1_dnc1_tag2 margins=(-1,1) evals=736 gaps=0 p1_gaps=0 min_gap=0 [16.6s]
OB Q43G_tr3_dc0_dnc0_tag2 margins=(0,0) evals=736 gaps=0 p1_gaps=0 min_gap=0 [16.3s]
OB Q43G_tr3_dc0_dnc1_tag2 margins=(0,1) evals=736 gaps=0 p1_gaps=0 min_gap=0 [16.6s]
OB Q43G_O1ANCHOR margins=(-5,1) evals=736 gaps=2 p1_gaps=0 min_gap=-2 [16.6s]
OB Q43G_tr2_dc-3_dnc0_tag0 margins=(-3,0) evals=736 gaps=2 p1_gaps=0 min_gap=-1 [16.4s]
OB Q43G_tr2_dc-2_dnc0_tag0 margins=(-2,0) evals=736 gaps=0 p1_gaps=0 min_gap=0 [16.1s]
OB Q43G_tr2_dc-1_dnc0_tag0 margins=(-1,0) evals=736 gaps=0 p1_gaps=0 min_gap=0 [16.3s]
OB Q43G_tr2_dc-3_dnc0_tag4 margins=(-3,0) evals=736 gaps=2 p1_gaps=0 min_gap=-1 [16.3s]
OB Q43G_tr2_dc-2_dnc0_tag4 margins=(-2,0) evals=736 gaps=0 p1_gaps=0 min_gap=0 [16.1s]
OB Q43G_tr2_dc-1_dnc0_tag4 margins=(-1,0) evals=736 gaps=0 p1_gaps=0 min_gap=0 [16.4s]
OB Q43G_tr1_dc-1_dnc0_tag2 margins=(-1,0) evals=736 gaps=0 p1_gaps=0 min_gap=0 [16.3s]
RAY lam=2 on Q43G_tr2_dc-3_dnc-2_tag2: exact_all=True
RAY lam=3 on Q43G_tr2_dc-3_dnc-2_tag2: exact_all=True
BRUTE Q43G_tr2_dc-3_dnc-2_tag2: 12 instances exact
BRUTE Q43G_tr3_dc-3_dnc0_tag2: 12 instances exact
O1ANCHOR replay: True (2 rows)
{"digest":"be2413b2645f5c2ad3ee8037ec81c2ca3af6f6ffd8aef4d3212cfe92f9f861ef","frontier_len":18,"q1":["Q43G_tr2_dc-3_dnc-3_tag2","Q43G_tr2_dc-3_dnc-2_tag2","Q43G_tr2_dc-3_dnc-1_tag2","Q43G_tr2_dc-3_dnc0_tag2"],"terminal":"QG43_REGION_STRICTLY_CONTAINS_CONE_AT_N1"}
EXIT=0
