OB Q22G_tr2_dc-3_dnc-3_tag2 margins=(-3,-3) evals=836 gaps=24 p1_gaps=0 min_gap=-2 [33.2s]
OB Q22G_tr2_dc-3_dnc-2_tag2 margins=(-3,-2) evals=836 gaps=34 p1_gaps=0 min_gap=-3 [37.8s]
OB Q22G_tr2_dc-3_dnc-1_tag2 margins=(-3,-1) evals=836 gaps=34 p1_gaps=0 min_gap=-3 [33.3s]
OB Q22G_tr2_dc-3_dnc0_tag2 margins=(-3,0) evals=836 gaps=34 p1_gaps=0 min_gap=-3 [37.1s]
OB Q22G_tr2_dc-3_dnc1_tag2 margins=(-3,1) evals=836 gaps=34 p1_gaps=0 min_gap=-3 [37.3s]
OB Q22G_tr2_dc-3_dnc2_tag2 margins=(-3,2) evals=836 gaps=34 p1_gaps=0 min_gap=-3 [41.7s]
OB Q22G_tr2_dc-2_dnc-2_tag2 margins=(-2,-2) evals=836 gaps=1 p1_gaps=0 min_gap=-2 [31.9s]
OB Q22G_tr2_dc-2_dnc-1_tag2 margins=(-2,-1) evals=836 gaps=1 p1_gaps=0 min_gap=-2 [32.8s]
OB Q22G_tr2_dc-2_dnc0_tag2 margins=(-2,0) evals=836 gaps=1 p1_gaps=0 min_gap=-2 [35.9s]
OB Q22G_tr2_dc-2_dnc1_tag2 margins=(-2,1) evals=836 gaps=1 p1_gaps=0 min_gap=-2 [37.1s]
OB Q22G_tr2_dc-2_dnc2_tag2 margins=(-2,2) evals=836 gaps=1 p1_gaps=0 min_gap=-2 [33.6s]
OB Q22G_tr2_dc-1_dnc-1_tag2 margins=(-1,-1) evals=836 gaps=0 p1_gaps=0 min_gap=0 [33.1s]
OB Q22G_tr2_dc-1_dnc0_tag2 margins=(-1,0) evals=836 gaps=0 p1_gaps=0 min_gap=0 [33.4s]
OB Q22G_tr2_dc-1_dnc1_tag2 margins=(-1,1) evals=836 gaps=0 p1_gaps=0 min_gap=0 [31.0s]
OB Q22G_tr2_dc-1_dnc2_tag2 margins=(-1,2) evals=836 gaps=0 p1_gaps=0 min_gap=0 [29.3s]
OB Q22G_tr2_dc0_dnc0_tag2 margins=(0,0) evals=836 gaps=0 p1_gaps=0 min_gap=0 [30.6s]
OB Q22G_tr2_dc0_dnc1_tag2 margins=(0,1) evals=836 gaps=0 p1_gaps=0 min_gap=0 [29.6s]
OB Q22G_tr2_dc0_dnc2_tag2 margins=(0,2) evals=836 gaps=0 p1_gaps=0 min_gap=0 [29.4s]
OB Q22G_tr2_dc1_dnc1_tag2 margins=(1,1) evals=836 gaps=0 p1_gaps=0 min_gap=0 [29.4s]
OB Q22G_tr2_dc1_dnc2_tag2 margins=(1,2) evals=836 gaps=0 p1_gaps=0 min_gap=0 [38.5s]
OB Q22G_tr2_dc2_dnc2_tag2 margins=(2,2) evals=836 gaps=0 p1_gaps=0 min_gap=0 [41.5s]
OB Q22G_tr3_dc-5_dnc0_tag2 margins=(-5,0) evals=736 gaps=2 p1_gaps=0 min_gap=-2 [28.9s]
OB Q22G_tr3_dc-5_dnc1_tag2 margins=(-5,1) evals=736 gaps=2 p1_gaps=0 min_gap=-2 [21.7s]
OB Q22G_tr3_dc-4_dnc0_tag2 margins=(-4,0) evals=736 gaps=2 p1_gaps=0 min_gap=-1 [20.3s]
OB Q22G_tr3_dc-4_dnc1_tag2 margins=(-4,1) evals=736 gaps=2 p1_gaps=0 min_gap=-1 [19.4s]
OB Q22G_tr3_dc-3_dnc0_tag2 margins=(-3,0) evals=736 gaps=0 p1_gaps=0 min_gap=0 [19.3s]
OB Q22G_tr3_dc-3_dnc1_tag2 margins=(-3,1) evals=736 gaps=0 p1_gaps=0 min_gap=0 [19.1s]
OB Q22G_tr3_dc-2_dnc0_tag2 margins=(-2,0) evals=736 gaps=0 p1_gaps=0 min_gap=0 [20.5s]
OB Q22G_tr3_dc-2_dnc1_tag2 margins=(-2,1) evals=736 gaps=0 p1_gaps=0 min_gap=0 [22.1s]
OB Q22G_tr3_dc-1_dnc0_tag2 margins=(-1,0) evals=736 gaps=0 p1_gaps=0 min_gap=0 [31.4s]
OB Q22G_tr3_dc-1_dnc1_tag2 margins=(-1,1) evals=736 gaps=0 p1_gaps=0 min_gap=0 [36.1s]
OB Q22G_tr3_dc0_dnc0_tag2 margins=(0,0) evals=736 gaps=0 p1_gaps=0 min_gap=0 [31.6s]
OB Q22G_tr3_dc0_dnc1_tag2 margins=(0,1) evals=736 gaps=0 p1_gaps=0 min_gap=0 [31.0s]
OB Q22G_O1ANCHOR margins=(-5,1) evals=736 gaps=2 p1_gaps=0 min_gap=-2 [32.0s]
OB Q22G_tr2_dc-3_dnc0_tag0 margins=(-3,0) evals=736 gaps=2 p1_gaps=0 min_gap=-1 [28.4s]
OB Q22G_tr2_dc-2_dnc0_tag0 margins=(-2,0) evals=736 gaps=0 p1_gaps=0 min_gap=0 [24.5s]
OB Q22G_tr2_dc-1_dnc0_tag0 margins=(-1,0) evals=736 gaps=0 p1_gaps=0 min_gap=0 [21.7s]
OB Q22G_tr2_dc-3_dnc0_tag4 margins=(-3,0) evals=736 gaps=2 p1_gaps=0 min_gap=-1 [22.3s]
OB Q22G_tr2_dc-2_dnc0_tag4 margins=(-2,0) evals=736 gaps=0 p1_gaps=0 min_gap=0 [20.1s]
OB Q22G_tr2_dc-1_dnc0_tag4 margins=(-1,0) evals=736 gaps=0 p1_gaps=0 min_gap=0 [24.9s]
OB Q22G_tr1_dc-1_dnc0_tag2 margins=(-1,0) evals=736 gaps=0 p1_gaps=0 min_gap=0 [19.8s]
RAY lam=2 on Q22G_tr2_dc-3_dnc-2_tag2: exact_all=True
RAY lam=3 on Q22G_tr2_dc-3_dnc-2_tag2: exact_all=True
BRUTE Q22G_tr2_dc-3_dnc-2_tag2: 12 instances exact
BRUTE Q22G_tr3_dc-3_dnc0_tag2: 12 instances exact
O1ANCHOR replay: True (2 rows)
{"digest":"fc2f1cbe6a949ab3620878dc267e3da7f4972321bd3e2b059839851c90bb53cc","frontier_len":18,"q1":["Q22G_tr2_dc-3_dnc-3_tag2","Q22G_tr2_dc-3_dnc-2_tag2","Q22G_tr2_dc-3_dnc-1_tag2","Q22G_tr2_dc-3_dnc0_tag2"],"terminal":"QG22_REGION_STRICTLY_CONTAINS_CONE_AT_N1"}
EXIT=0
