........................................................................ [  1%]
........................................................................ [  2%]
........................................................................ [  3%]
........................................................................ [  4%]
........................................................................ [  5%]
........................................................................ [  6%]
........................................................................ [  7%]
........................................................................ [  8%]
........................................................................ [  9%]
........................................................................ [ 10%]
........................................................................ [ 11%]
........................................................................ [ 12%]
........................................................................ [ 13%]
........................................................................ [ 15%]
........................................................................ [ 16%]
........................................................................ [ 17%]
........................................................................ [ 18%]
........................................................................ [ 19%]
........................................................................ [ 20%]
........................................................................ [ 21%]
........................................................................ [ 22%]
........................................................................ [ 23%]
........................................................................ [ 24%]
........................................................................ [ 25%]
........................................................................ [ 26%]
........................................................................ [ 27%]
........................................................................ [ 28%]
........................................................................ [ 30%]
........................................................................ [ 31%]
........................................................................ [ 32%]
........................................................................ [ 33%]
........................................................................ [ 34%]
........................................................................ [ 35%]
........................................................................ [ 36%]
........................................................................ [ 37%]
........................................................................ [ 38%]
........................................................................ [ 39%]
........................................................................ [ 40%]
........................................................................ [ 41%]
........................................................................ [ 42%]
........................................................................ [ 43%]
........................................................................ [ 45%]
........................................................................ [ 46%]
........................................................................ [ 47%]
........................................................................ [ 48%]
........................................................................ [ 49%]
........................................................................ [ 50%]
........................................................................ [ 51%]
........................................................................ [ 52%]
........................................................................ [ 53%]
..............................ss........................................ [ 54%]
........................................................................ [ 55%]
........................................................................ [ 56%]
........................................................................ [ 57%]
........................................................................ [ 58%]
........................................................................ [ 60%]
........................................................................ [ 61%]
........................................................................ [ 62%]
........................................................................ [ 63%]
........................................................................ [ 64%]
...............ssssss................................................... [ 65%]
........................................................................ [ 66%]
........................................................................ [ 67%]
........................................................................ [ 68%]
........................................................................ [ 69%]
........................................................................ [ 70%]
........................................................................ [ 71%]
........................................................................ [ 72%]
........................................................................ [ 73%]
........................................................................ [ 75%]
........................................................................ [ 76%]
........................................................................ [ 77%]
........................................................................ [ 78%]
........................................................................ [ 79%]
........................................................................ [ 80%]
........................................................................ [ 81%]
........................................................................ [ 82%]
........................................................................ [ 83%]
........................................................................ [ 84%]
........................................................................ [ 85%]
........................................................................ [ 86%]
........................................................................ [ 87%]
........................................................................ [ 88%]
........................................................................ [ 90%]
........................................................................ [ 91%]
........................................................................ [ 92%]
........................................................................ [ 93%]
........................................................................ [ 94%]
........................................................................ [ 95%]
........................................................................ [ 96%]
........................................................................ [ 97%]
.............................s.......................................... [ 98%]
........................................................................ [ 99%]
........................                                                 [100%]
=============================== warnings summary ===============================
src/orion/benchmarks/authority_attacks.py:178
  /projects/hep/fs9/users/scyiu/orion-v1-redcensus/src/orion/benchmarks/authority_attacks.py:178: PytestCollectionWarning: cannot collect test class 'TestEdit' because it has a __init__ constructor (from: tests/unit/benchmarks/test_authority_attacks.py)
    @dataclass(frozen=True)

tests/unit/programme/test_panel_resolution.py::TestTheCommittedPanels::test_every_registered_panel_is_on_the_branch
tests/unit/study/p2_open_world/test_p2_comparison_resolution.py::TestTheCommittedCampaigns::test_both_published_campaigns_have_zero_resolution
tests/unit/study/p6/test_p6_commutation_kernel.py::TestTheProof::test_the_statement_is_the_contract
tests/unit/study/p6/test_p6_commutation_kernel.py::TestTheCommittedArtifact::test_the_committed_proof_replays
tests/unit/study/p7/test_p7_exact_containment.py::TestTheCommittedArtifact::test_the_receipt_records_every_discharge
  /projects/hep/fs9/users/scyiu/orion-v1-redcensus/.venv/lib/python3.12/site-packages/_pytest/fixtures.py:1313: PytestRemovedIn10Warning: Class-scoped fixture defined as instance method is deprecated.
  Instance attributes set in this fixture will NOT be visible to test methods,
  as each test gets a new instance while the fixture runs only once per class.
  Use @classmethod decorator and set attributes on cls instead.
  See https://docs.pytest.org/en/stable/deprecations.html#class-scoped-fixture-as-instance-method
    fixturefunc = resolve_fixture_function(fixturedef, request)

-- Docs: https://docs.pytest.org/en/stable/how-to/capture-warnings.html
============================= slowest 10 durations =============================
100.52s setup    tests/unit/study/p6/test_p6_certificate_as_dependency_graph.py::TestTheFrameConditionsCarryTheProof::test_every_condition_loses_at_least_one_theorem_when_dropped
60.63s call     tests/unit/study/p6/test_p6_commutation_kernel.py::TestScope::test_the_report_states_what_it_does_not_license
40.23s call     tests/unit/study/p6/test_p6_certificate_as_dependency_graph.py::TestASearchThatGaveUpIsNotAFinding::test_the_criterion_states_both_directions
38.02s call     tests/unit/study/p7/test_p7_donor_stack_as_transformation_family.py::TestTheReport::test_the_report_is_clean_and_names_its_limits
36.32s setup    tests/unit/study/p7/test_p7_donor_stack_as_transformation_family.py::TestTheFrameConditionsCarryTheProof::test_every_condition_loses_at_least_one_theorem_when_dropped
35.19s call     tests/unit/study/p7/test_p7_donor_stack_as_transformation_family.py::TestTheReport::test_the_cli_writes_the_artifact
33.92s call     tests/unit/study/p7/test_p7_donor_stack_as_transformation_family.py::TestTheReport::test_the_date_is_supplied_not_read_from_the_clock
32.66s call     tests/test_p9_m1.py::test_m1_small_smoke_is_deterministic_non_authorizing_and_ceiling_safe
31.51s setup    tests/unit/study/p8/test_p8_chain_composition_interpretation.py::TestTheFrameConditionsCarryTheProof::test_no_condition_is_inert
19.31s call     tests/unit/p5/test_sound_hidden_cause_suite.py::TestTheCustodyCliStillFailsTheShippedSuite::test_the_contrast_flag_does_not_lower_the_exit_code
6711 passed, 12 skipped, 6 warnings in 1346.67s (0:22:26)
