/home/scyiu/orion-executions/P2-DES-01/staging/06ca5451/P2-DES-01_source_06ca5451.tar.gz: OK
P2-DES-01 policy phase starting; qrels remain unopened
indexed 171332 documents, 214569 terms in 14.321s
topic  1: saturation=False bridges=8 jump=False
topic  2: saturation=False bridges=8 jump=False
topic  3: saturation=False bridges=8 jump=False
topic  4: saturation=False bridges=8 jump=False
topic  5: saturation=False bridges=8 jump=False
topic  6: saturation=False bridges=8 jump=False
topic  7: saturation=False bridges=8 jump=False
topic  8: saturation=False bridges=8 jump=False
topic  9: saturation=False bridges=8 jump=False
topic 10: saturation=False bridges=8 jump=False
topic 11: saturation=False bridges=8 jump=False
topic 12: saturation=False bridges=8 jump=False
topic 13: saturation=False bridges=8 jump=False
topic 14: saturation=False bridges=8 jump=False
topic 15: saturation=False bridges=8 jump=False
topic 16: saturation=False bridges=8 jump=False
topic 17: saturation=False bridges=8 jump=False
topic 18: saturation=False bridges=8 jump=False
topic 19: saturation=False bridges=8 jump=False
topic 20: saturation=False bridges=8 jump=False
topic 21: saturation=False bridges=8 jump=False
topic 22: saturation=False bridges=8 jump=False
topic 23: saturation=False bridges=8 jump=False
topic 24: saturation=False bridges=8 jump=False
topic 25: saturation=False bridges=8 jump=False
topic 26: saturation=False bridges=8 jump=False
topic 27: saturation=False bridges=8 jump=False
topic 28: saturation=False bridges=8 jump=False
topic 29: saturation=False bridges=8 jump=False
topic 30: saturation=False bridges=8 jump=False
topic 31: saturation=False bridges=8 jump=False
topic 32: saturation=False bridges=8 jump=False
topic 33: saturation=False bridges=8 jump=False
topic 34: saturation=False bridges=8 jump=False
topic 35: saturation=False bridges=8 jump=False
topic 36: saturation=False bridges=8 jump=False
topic 37: saturation=False bridges=8 jump=False
topic 38: saturation=False bridges=8 jump=False
topic 39: saturation=False bridges=8 jump=False
topic 40: saturation=False bridges=8 jump=False
topic 41: saturation=False bridges=8 jump=False
topic 42: saturation=False bridges=8 jump=False
topic 43: saturation=False bridges=8 jump=False
topic 44: saturation=False bridges=8 jump=False
topic 45: saturation=False bridges=8 jump=False
topic 46: saturation=False bridges=8 jump=False
topic 47: saturation=False bridges=8 jump=False
topic 48: saturation=False bridges=8 jump=False
topic 49: saturation=False bridges=8 jump=False
topic 50: saturation=False bridges=8 jump=False
