  e=0.25 credit-g       mean=+0.00271 sd=0.02070 nR=65 conf=False obs_sign=-1 cfchk=3.89e-05
  e=0.25 diabetes       mean=+0.02537 sd=0.03173 nR=48 conf=False obs_sign=-1 cfchk=3.20e-04
  e=0.25 spambase       mean=+0.08529 sd=0.02302 nR=4 conf=True obs_sign=+1 cfchk=6.50e-05
  e=0.25 qsar-biodeg    mean=+0.00000 sd=0.00000 nR=24 conf=False obs_sign=+0 cfchk=0.00e+00
  e=0.25 wdbc           mean=+0.00961 sd=0.01357 nR=13 conf=False obs_sign=-1 cfchk=2.21e-04
  e=0.25 openml-1485    mean=-0.01035 sd=0.02261 nR=187 conf=False obs_sign=-1 cfchk=1.57e-04
  e=0.25 openml-1486    mean=+0.00033 sd=0.00196 nR=23 conf=False obs_sign=+1 cfchk=1.38e-05
  e=0.25 openml-1487    mean=+0.00000 sd=0.00000 nR=69 conf=False obs_sign=+0 cfchk=0.00e+00
  e=0.25 openml-1489    mean=+0.06262 sd=0.01824 nR=70 conf=True obs_sign=+1 cfchk=3.19e-04
  e=0.25 openml-1590    mean=-0.00033 sd=0.00331 nR=27 conf=False obs_sign=-1 cfchk=1.76e-06
  e=0.25 openml-4134    mean=-0.00223 sd=0.02418 nR=33 conf=False obs_sign=+1 cfchk=3.65e-04
  e=0.25 openml-6332    mean=+0.00520 sd=0.05876 nR=51 conf=False obs_sign=-1 cfchk=2.94e-04
  e=0.25 openml-23517   mean=-0.00179 sd=0.00589 nR=242 conf=False obs_sign=+1 cfchk=5.65e-05
  e=0.25 openml-40701   mean=+0.00000 sd=0.00000 nR=80 conf=False obs_sign=+0 cfchk=0.00e+00
  e=0.25 openml-40983   mean=+0.01231 sd=0.00652 nR=56 conf=False obs_sign=+1 cfchk=7.57e-05
  e=0.25 openml-40994   mean=-0.04413 sd=0.04694 nR=44 conf=False obs_sign=-1 cfchk=1.68e-05
  e=0.50 credit-g       mean=-0.02168 sd=0.02143 nR=60 conf=False obs_sign=-1 cfchk=7.68e-05
  e=0.50 diabetes       mean=-0.01421 sd=0.02750 nR=66 conf=False obs_sign=-1 cfchk=6.74e-05
  e=0.50 spambase       mean=+0.09872 sd=0.01773 nR=6 conf=True obs_sign=+1 cfchk=7.12e-05
  e=0.50 qsar-biodeg    mean=+0.00000 sd=0.00000 nR=27 conf=False obs_sign=+0 cfchk=0.00e+00
  e=0.50 wdbc           mean=+0.00011 sd=0.00839 nR=18 conf=False obs_sign=-1 cfchk=1.05e-04
  e=0.50 openml-1485    mean=-0.01553 sd=0.02372 nR=227 conf=False obs_sign=+1 cfchk=6.07e-06
  e=0.50 openml-1486    mean=+0.00184 sd=0.00111 nR=23 conf=False obs_sign=+1 cfchk=1.99e-06
  e=0.50 openml-1487    mean=+0.00000 sd=0.00000 nR=94 conf=False obs_sign=+0 cfchk=0.00e+00
  e=0.50 openml-1489    mean=+0.05702 sd=0.01453 nR=77 conf=True obs_sign=+1 cfchk=1.17e-04
  e=0.50 openml-1590    mean=+0.00180 sd=0.00251 nR=27 conf=False obs_sign=-1 cfchk=4.71e-06
  e=0.50 openml-4134    mean=+0.02799 sd=0.01687 nR=33 conf=False obs_sign=+1 cfchk=3.32e-05
  e=0.50 openml-6332    mean=-0.02674 sd=0.04800 nR=83 conf=False obs_sign=-1 cfchk=7.81e-05
  e=0.50 openml-23517   mean=-0.00092 sd=0.00423 nR=243 conf=False obs_sign=+1 cfchk=3.76e-05
  e=0.50 openml-40701   mean=+0.00000 sd=0.00000 nR=81 conf=False obs_sign=+0 cfchk=0.00e+00
  e=0.50 openml-40983   mean=+0.01260 sd=0.00458 nR=63 conf=True obs_sign=+1 cfchk=1.69e-05
  e=0.50 openml-40994   mean=-0.07499 sd=0.03481 nR=69 conf=True obs_sign=-1 cfchk=4.23e-04
  e=0.75 credit-g       mean=-0.02761 sd=0.02426 nR=64 conf=False obs_sign=-1 cfchk=1.54e-04
  e=0.75 diabetes       mean=-0.04805 sd=0.03364 nR=133 conf=False obs_sign=-1 cfchk=1.47e-04
  e=0.75 spambase       mean=+0.09513 sd=0.01629 nR=6 conf=True obs_sign=+1 cfchk=3.39e-04
  e=0.75 qsar-biodeg    mean=+0.00000 sd=0.00000 nR=26 conf=False obs_sign=+0 cfchk=0.00e+00
  e=0.75 wdbc           mean=-0.00469 sd=0.01073 nR=28 conf=False obs_sign=-1 cfchk=2.20e-06
  e=0.75 openml-1485    mean=-0.00535 sd=0.02259 nR=239 conf=False obs_sign=-1 cfchk=2.65e-04
  e=0.75 openml-1486    mean=+0.00274 sd=0.00104 nR=25 conf=True obs_sign=+1 cfchk=1.67e-05
  e=0.75 openml-1487    mean=+0.00000 sd=0.00000 nR=122 conf=False obs_sign=+0 cfchk=0.00e+00
  e=0.75 openml-1489    mean=+0.04604 sd=0.01260 nR=192 conf=True obs_sign=+1 cfchk=7.57e-05
  e=0.75 openml-1590    mean=+0.00253 sd=0.00223 nR=27 conf=False obs_sign=-1 cfchk=3.35e-05
  e=0.75 openml-4134    mean=+0.03282 sd=0.01389 nR=35 conf=True obs_sign=+1 cfchk=1.32e-05
  e=0.75 openml-6332    mean=+0.01369 sd=0.04543 nR=111 conf=False obs_sign=-1 cfchk=4.34e-04
  e=0.75 openml-23517   mean=-0.00267 sd=0.00452 nR=242 conf=False obs_sign=+1 cfchk=7.44e-05
  e=0.75 openml-40701   mean=+0.00000 sd=0.00000 nR=81 conf=False obs_sign=+0 cfchk=0.00e+00
  e=0.75 openml-40983   mean=+0.00337 sd=0.00672 nR=63 conf=False obs_sign=+1 cfchk=1.85e-05
  e=0.75 openml-40994   mean=-0.19143 sd=0.03980 nR=73 conf=True obs_sign=-1 cfchk=4.31e-04
R4a anchor reproduction: n=16 max|diff|=0.0 PASS
{
  "structural": {
    "R4a": {
      "n_compared": 16,
      "max_abs_diff": 0.0,
      "tol": 1e-12,
      "pass": true
    },
    "R4b": {
      "violations": []
    }
  },
  "monitoring": {
    "anchor_coverage_inside": 12,
    "v3_coverage_inside": 12,
    "match": true
  },
  "gates": {
    "0.25": {
      "G1_confident_set": {
        "violations": [],
        "pass": true,
        "n_confident": 2
      },
      "G2_calibration": {
        "inside": 14,
        "n": 16,
        "p_value": 0.75371,
        "pass": true
      },
      "G4_zero_stratum_selection_robust": {
        "violations": [],
        "pass": true
      },
      "sensitivity_jeffreys": {
        "sign_breaks": [],
        "pass": true
      },
      "D1_z_balance": {
        "n_neg": 8,
        "n": 13,
        "p_value": 0.58105,
        "no_one_sided_optimism": true
      },
      "coverage_inside": 14
    },
    "0.75": {
      "G1_confident_set": {
        "violations": [],
        "pass": true,
        "n_confident": 5
      },
      "G2_calibration": {
        "inside": 11,
        "n": 16,
        "p_value": 0.34249,
        "pass": true
      },
      "G4_zero_stratum_selection_robust": {
        "violations": [],
        "pass": true
      },
      "sensitivity_jeffreys": {
        "sign_breaks": [],
        "pass": true
      },
      "D1_z_balance": {
        "n_neg": 8,
        "n": 13,
        "p_value": 0.58105,
        "no_one_sided_optimism": true
      },
      "coverage_inside": 11
    }
  },
  "diagnostics": {
    "D4_width_ordering": {
      "n_stratum": 13,
      "n_monotone": 6,
      "threshold": 9,
      "holds": false
    },
    "D5_separator_6332": {
      "0.25": {
        "inside80": true,
        "n_R_fibres": 51
      },
      "0.5": {
        "inside80": false,
        "n_R_fibres": 83
      },
      "0.75": {
        "inside80": false,
        "n_R_fibres": 111
      }
    }
  },
  "terminal": "LAW_V4_RATIO_INVARIANT"
}
exit=0
