Collecting python-sat>=1.8.dev13
  Downloading python_sat-1.9.dev15-cp312-cp312-macosx_11_0_arm64.whl.metadata (1.7 kB)
Collecting six (from python-sat>=1.8.dev13)
  Downloading six-1.17.0-py2.py3-none-any.whl.metadata (1.7 kB)
Downloading python_sat-1.9.dev15-cp312-cp312-macosx_11_0_arm64.whl (2.4 MB)
   ━━━━━━━━━━━━━━━━━━━━━━━━━━━━━━━━━━━━━━━━ 2.4/2.4 MB 21.5 MB/s  0:00:00
Downloading six-1.17.0-py2.py3-none-any.whl (11 kB)
Installing collected packages: six, python-sat

Successfully installed python-sat-1.9.dev15 six-1.17.0

[notice] A new release of pip is available: 26.1 -> 26.2.1
[notice] To update, run: /private/tmp/nq-engine-b-validation/bin/python -m pip install --upgrade pip
Collecting pytest==9.1.1
  Downloading pytest-9.1.1-py3-none-any.whl.metadata (7.6 kB)
Collecting iniconfig>=1.0.1 (from pytest==9.1.1)
  Downloading iniconfig-2.3.0-py3-none-any.whl.metadata (2.5 kB)
Collecting packaging>=22 (from pytest==9.1.1)
  Downloading packaging-26.3-py3-none-any.whl.metadata (3.5 kB)
Collecting pluggy<2,>=1.5 (from pytest==9.1.1)
  Downloading pluggy-1.6.0-py3-none-any.whl.metadata (4.8 kB)
Collecting pygments>=2.7.2 (from pytest==9.1.1)
  Downloading pygments-2.21.0-py3-none-any.whl.metadata (2.5 kB)
Downloading pytest-9.1.1-py3-none-any.whl (386 kB)
Downloading pluggy-1.6.0-py3-none-any.whl (20 kB)
Downloading iniconfig-2.3.0-py3-none-any.whl (7.5 kB)
Downloading packaging-26.3-py3-none-any.whl (129 kB)
Downloading pygments-2.21.0-py3-none-any.whl (1.3 MB)
   ━━━━━━━━━━━━━━━━━━━━━━━━━━━━━━━━━━━━━━━━ 1.3/1.3 MB 27.0 MB/s  0:00:00
Installing collected packages: pygments, pluggy, packaging, iniconfig, pytest

Successfully installed iniconfig-2.3.0 packaging-26.3 pluggy-1.6.0 pygments-2.21.0 pytest-9.1.1

[notice] A new release of pip is available: 26.1 -> 26.2.1
[notice] To update, run: /private/tmp/nq-engine-b-validation/bin/python -m pip install --upgrade pip
