P1 m=  5: dp=13 harness=13 OK
P1 m=  6: dp=25 harness=25 OK
P1 m=  7: dp=44 harness=44 OK
P1 m=  8: dp=88 harness=88 OK
P1 m=  9: dp=273 harness=273 OK
P1 m= 10: dp=552 harness=552 OK
P1 m= 11: dp=1051 harness=1051 OK
P1 m= 12: dp=2050 harness=2050 OK
P1 m= 13: dp=3951 harness=3951 OK
P1 m= 14: dp=7974 harness=7974 OK
P1 m= 15: dp=15362 harness=15362 OK
P1 m= 16: dp=30267 harness=30267 OK
P1 m= 17: dp=94414 harness=94414 OK
P1 m= 18: dp=193947 harness=193947 OK
P1 m= 19: dp=387893 harness=387893 OK
P1 m= 20: dp=788892 harness=788892 OK
P1 m= 21: dp=1449531 harness=1449531 OK
P1 m= 22: dp=2946782 harness=2946782 OK
P1 m= 23: dp=5893562 harness=5893562 OK
P1 m= 24: dp=11936917 harness=11936917 OK
P1 m= 25: dp=22693332 harness=22693332 OK
P1 m= 26: dp=46137347 harness=46137347 OK
P1 m= 27: dp=92274691 harness=92274691 OK
P1 m= 28: dp=185839935 harness=185839935 OK
P1 m= 29: dp=357913945 harness=357913945 OK
P1 m= 30: dp=727012697 harness=727012697 OK
P1 m= 31: dp=1454025390 harness=1454025390 OK
P1 m= 32: dp=2925946474 harness=2925946474 OK
P1 m= 33: dp=10205147958 harness=10205147958 OK
P1 m= 34: dp=20836122627 harness=20836122627 OK
P1 m= 35: dp=42527254121 harness=42527254121 OK
P1 m= 36: dp=86768195997 harness=86768195997 OK
P1 m= 37: dp=163604489835 harness=163604489835 OK
P1 m= 38: dp=334022207083 harness=334022207083 OK
P1 m= 39: dp=681724556088 harness=681724556088 OK
P1 m= 40: dp=1390868116280 harness=1390868116280 OK
P1 m= 41: dp=2506034324631 harness=2506034324631 OK
P1 m= 42: dp=5089934105459 harness=5089934105459 OK
P1 m= 43: dp=10336212690072 harness=10336212690072 OK
P1 m= 44: dp=20985785427096 harness=20985785427096 OK
P1 m= 45: dp=40499716240185 harness=40499716240185 OK
P1 m= 46: dp=82728586313734 harness=82728586313734 OK
P1 m= 47: dp=168942968084896 harness=168942968084896 OK
P1 m= 48: dp=344887591855725 harness=344887591855725 OK
P1 PASS (44/44 match)
LAW m=  49 b=6 Kmin=638589236037931 gamma*=4.537449 gamma/2^b=0.07090 prof=((16, 16, 13), 4, 0)
LAW m=  50 b=6 Kmin=1297112028863348 gamma*=4.608268 gamma/2^b=0.07200 prof=((16, 16, 14), 4, 0)
LAW m=  51 b=6 Kmin=2634248244391357 gamma*=4.679365 gamma/2^b=0.07312 prof=((16, 16, 15), 4, 0)
LAW m=  52 b=6 Kmin=5348716660803883 gamma*=4.750615 gamma/2^b=0.07423 prof=((16, 16, 16), 4, 0)
LAW m=  53 b=6 Kmin=10232506793216300 gamma*=4.544146 gamma/2^b=0.07100 prof=((16, 16, 13), 8, 0)
LAW m=  54 b=6 Kmin=20783950495032474 gamma*=4.614964 gamma/2^b=0.07211 prof=((16, 16, 14), 8, 0)
LAW m=  55 b=6 Kmin=42208287976699619 gamma*=4.686061 gamma/2^b=0.07322 prof=((16, 16, 15), 8, 0)
LAW m=  56 b=6 Kmin=85700098705738028 gamma*=4.757311 gamma/2^b=0.07433 prof=((16, 16, 16), 8, 0)
LAW m=  57 b=6 Kmin=159770034632130567 gamma*=4.434509 gamma/2^b=0.06929 prof=((16, 16, 13, 8), 4, 0)
LAW m=  58 b=6 Kmin=323509061904615204 gamma*=4.489590 gamma/2^b=0.07015 prof=((16, 16, 14, 8), 4, 0)
LAW m=  59 b=6 Kmin=654987384087350848 gamma*=4.544888 gamma/2^b=0.07101 prof=((16, 16, 15, 8), 4, 0)
LAW m=  60 b=6 Kmin=1325947495759362283 gamma*=4.600304 gamma/2^b=0.07188 prof=((16, 16, 16, 8), 4, 0)
LAW m=  61 b=6 Kmin=2559322953865669299 gamma*=4.439718 gamma/2^b=0.06937 prof=((16, 16, 13, 8), 8, 0)
LAW m=  62 b=6 Kmin=5190504123660763145 gamma*=4.502045 gamma/2^b=0.07034 prof=((16, 16, 16), 14, 0)
LAW m=  63 b=6 Kmin=10544183312391789430 gamma*=4.572811 gamma/2^b=0.07145 prof=((16, 16, 16), 15, 0)
LAW m=  64 b=6 Kmin=21416124129807658432 gamma*=4.643882 gamma/2^b=0.07256 prof=((16, 16, 16), 16, 0)
LAW m=  65 b=7 Kmin=78023972430392223339 gamma*=8.459376 gamma/2^b=0.06609 prof=((32, 25), 8, 0)
LAW m=  66 b=7 Kmin=157892610142208891295 gamma*=8.559376 gamma/2^b=0.06687 prof=((32, 26), 8, 0)
LAW m=  67 b=7 Kmin=319474559588384112645 gamma*=8.659375 gamma/2^b=0.06765 prof=((32, 27), 8, 0)
LAW m=  68 b=7 Kmin=646327806910647395948 gamma*=8.759375 gamma/2^b=0.06843 prof=((32, 28), 8, 0)
LAW m=  69 b=7 Kmin=1307412998799828713478 gamma*=8.859375 gamma/2^b=0.06921 prof=((32, 29), 8, 0)
LAW m=  70 b=7 Kmin=2644340777452329920108 gamma*=8.959375 gamma/2^b=0.07000 prof=((32, 30), 8, 0)
LAW m=  71 b=7 Kmin=5347711124890438546233 gamma*=9.059375 gamma/2^b=0.07078 prof=((32, 31), 8, 0)
LAW m=  72 b=7 Kmin=10813481400417697293933 gamma*=9.159375 gamma/2^b=0.07156 prof=((32, 32), 8, 0)
LAW m=  73 b=7 Kmin=21488124638992505451323 gamma*=9.100575 gamma/2^b=0.07110 prof=((32, 25), 16, 0)
LAW m=  74 b=7 Kmin=43448483590029668725564 gamma*=9.200574 gamma/2^b=0.07188 prof=((32, 26), 16, 0)
LAW m=  75 b=7 Kmin=87841438041874717946684 gamma*=9.300574 gamma/2^b=0.07266 prof=((32, 27), 16, 0)
LAW m=  76 b=7 Kmin=177571820143622503582934 gamma*=9.400574 gamma/2^b=0.07344 prof=((32, 28), 16, 0)
LAW m=  77 b=7 Kmin=358921530841749691092182 gamma*=9.500574 gamma/2^b=0.07422 prof=((32, 29), 16, 0)
LAW m=  78 b=7 Kmin=725398845325783540432905 gamma*=9.600574 gamma/2^b=0.07500 prof=((32, 30), 16, 0)
LAW m=  79 b=7 Kmin=1465909260567926429607536 gamma*=9.700574 gamma/2^b=0.07579 prof=((32, 31), 16, 0)
LAW m=  80 b=7 Kmin=2962041663698878830791894 gamma*=9.800574 gamma/2^b=0.07657 prof=((32, 32), 16, 0)
LAW m=  81 b=7 Kmin=5034166977125631641255946 gamma*=8.328331 gamma/2^b=0.06507 prof=((32, 25, 16), 8, 0)
LAW m=  82 b=7 Kmin=10154685371310857855846703 gamma*=8.399759 gamma/2^b=0.06562 prof=((32, 26, 16), 8, 0)
LAW m=  83 b=7 Kmin=20482073985925099573739530 gamma*=8.471187 gamma/2^b=0.06618 prof=((32, 27, 16), 8, 0)
LAW m=  84 b=7 Kmin=41309554885655560096429798 gamma*=8.542616 gamma/2^b=0.06674 prof=((32, 28, 16), 8, 0)
LAW m=  85 b=7 Kmin=83309924044134833825101542 gamma*=8.614044 gamma/2^b=0.06730 prof=((32, 29, 16), 8, 0)
LAW m=  86 b=7 Kmin=168282754880785948414784318 gamma*=8.700015 gamma/2^b=0.06797 prof=((32, 32), 22, 0)
LAW m=  87 b=7 Kmin=340433804906549641400129957 gamma*=8.800008 gamma/2^b=0.06875 prof=((32, 32), 23, 0)
LAW m=  88 b=7 Kmin=688604454668122989133194866 gamma*=8.900004 gamma/2^b=0.06953 prof=((32, 32), 24, 0)
LAW m=  89 b=7 Kmin=1392682866524082459720758079 gamma*=9.000002 gamma/2^b=0.07031 prof=((32, 32), 25, 0)
LAW m=  90 b=7 Kmin=2816313927814347802735437426 gamma*=9.100001 gamma/2^b=0.07109 prof=((32, 32), 26, 0)
LAW m=  91 b=7 Kmin=5694524538464292144040588095 gamma*=9.200001 gamma/2^b=0.07188 prof=((32, 32), 27, 0)
LAW m=  92 b=7 Kmin=11512842748815728988799159513 gamma*=9.300000 gamma/2^b=0.07266 prof=((32, 32), 28, 0)
LAW m=  93 b=7 Kmin=23273273160534419854209528639 gamma*=9.400000 gamma/2^b=0.07344 prof=((32, 32), 29, 0)
LAW m=  94 b=7 Kmin=47041721978916156788413405606 gamma*=9.500000 gamma/2^b=0.07422 prof=((32, 32), 30, 0)
LAW m=  95 b=7 Kmin=95073795618481061915184123097 gamma*=9.600000 gamma/2^b=0.07500 prof=((32, 32), 31, 0)
LAW m=  96 b=7 Kmin=192128294916126455537048171328 gamma*=9.700000 gamma/2^b=0.07578 prof=((32, 32), 32, 0)
LAW m=  97 b=7 Kmin=329911050232057781614284598723 gamma*=8.328126 gamma/2^b=0.06506 prof=((32, 32, 25), 8, 0)
LAW m=  98 b=7 Kmin=665481226932533153186639998403 gamma*=8.399554 gamma/2^b=0.06562 prof=((32, 32, 26), 8, 0)
LAW m=  99 b=7 Kmin=1342280733618196871156335490792 gamma*=8.470982 gamma/2^b=0.06618 prof=((32, 32, 27), 8, 0)
LAW m= 100 b=7 Kmin=2707198054739541877463107165051 gamma*=8.542411 gamma/2^b=0.06674 prof=((32, 32, 28), 8, 0)
LAW m= 101 b=7 Kmin=5459669313662858651528823195954 gamma*=8.613839 gamma/2^b=0.06730 prof=((32, 32, 29), 8, 0)
LAW m= 102 b=7 Kmin=11009885066051337343282011925956 gamma*=8.685268 gamma/2^b=0.06785 prof=((32, 32, 30), 8, 0)
LAW m= 103 b=7 Kmin=22200863041092576634749314025778 gamma*=8.756696 gamma/2^b=0.06841 prof=((32, 32, 31), 8, 0)
LAW m= 104 b=7 Kmin=44763911932884210654323178808480 gamma*=8.828125 gamma/2^b=0.06897 prof=((32, 32, 32), 8, 0)
LAW m= 105 b=7 Kmin=89101891462517018500373021420998 gamma*=8.786125 gamma/2^b=0.06864 prof=((32, 32, 25), 16, 0)
LAW m= 106 b=7 Kmin=179652519300948940030012167890081 gamma*=8.857553 gamma/2^b=0.06920 prof=((32, 32, 26), 16, 0)
LAW m= 107 b=7 Kmin=362202518218699304644486542243562 gamma*=8.928981 gamma/2^b=0.06976 prof=((32, 32, 27), 16, 0)
LAW m= 108 b=7 Kmin=730200002838204531887484747457697 gamma*=9.000410 gamma/2^b=0.07032 prof=((32, 32, 28), 16, 0)
LAW m= 109 b=7 Kmin=1471989945947455437305237364576856 gamma*=9.071838 gamma/2^b=0.07087 prof=((32, 32, 29), 16, 0)
LAW m= 110 b=7 Kmin=2967159780208669604907912305873497 gamma*=9.143267 gamma/2^b=0.07143 prof=((32, 32, 30), 16, 0)
LAW m= 111 b=7 Kmin=5980679345118754108551258896259965 gamma*=9.214696 gamma/2^b=0.07199 prof=((32, 32, 31), 16, 0)
LAW m= 112 b=7 Kmin=12054078268016466907617602786295824 gamma*=9.286124 gamma/2^b=0.07255 prof=((32, 32, 32), 16, 0)
LAW m= 113 b=7 Kmin=21432161411997084764803017269692203 gamma*=8.255368 gamma/2^b=0.06450 prof=((32, 32, 25, 16), 8, 0)
LAW m= 114 b=7 Kmin=43152782333509670221655467437850639 gamma*=8.310924 gamma/2^b=0.06493 prof=((32, 32, 26, 16), 8, 0)
LAW m= 115 b=7 Kmin=86882485052942468538350520873750088 gamma*=8.366479 gamma/2^b=0.06536 prof=((32, 32, 27, 16), 8, 0)
LAW m= 116 b=7 Kmin=174918812304800960776315808418977124 gamma*=8.422034 gamma/2^b=0.06580 prof=((32, 32, 28, 16), 8, 0)
LAW m= 117 b=7 Kmin=352145310494681377259991619330550458 gamma*=8.477590 gamma/2^b=0.06623 prof=((32, 32, 29, 16), 8, 0)
LAW m= 118 b=7 Kmin=708905994306946715041428587270198629 gamma*=8.533146 gamma/2^b=0.06667 prof=((32, 32, 30, 16), 8, 0)
LAW m= 119 b=7 Kmin=1427042736856664041031068089856760961 gamma*=8.588701 gamma/2^b=0.06710 prof=((32, 32, 31, 16), 8, 0)
LAW m= 120 b=7 Kmin=2872546971866649634662473102918680592 gamma*=8.644257 gamma/2^b=0.06753 prof=((32, 32, 32, 16), 8, 0)
LAW m= 121 b=7 Kmin=5791637261104928553991317866493472200 gamma*=8.714287 gamma/2^b=0.06808 prof=((32, 32, 32), 25, 0)
LAW m= 122 b=7 Kmin=11678218439631995572627190485271557869 gamma*=8.785715 gamma/2^b=0.06864 prof=((32, 32, 32), 26, 0)
LAW m= 123 b=7 Kmin=23546325613913828057974181716075778650 gamma*=8.857143 gamma/2^b=0.06920 prof=((32, 32, 32), 27, 0)
LAW m= 124 b=7 Kmin=47472429636546971181950824960952294271 gamma*=8.928572 gamma/2^b=0.06975 prof=((32, 32, 32), 28, 0)
LAW m= 125 b=7 Kmin=95704417069566294993601601814013448795 gamma*=9.000000 gamma/2^b=0.07031 prof=((32, 32, 32), 29, 0)
LAW m= 126 b=7 Kmin=192927950750725099001430305043523979574 gamma*=9.071429 gamma/2^b=0.07087 prof=((32, 32, 32), 30, 0)
LAW m= 127 b=7 Kmin=388894135782897101043274179346093459766 gamma*=9.142857 gamma/2^b=0.07143 prof=((32, 32, 32), 31, 0)
LAW m= 128 b=7 Kmin=783864741226563974436467032435101232585 gamma*=9.214286 gamma/2^b=0.07199 prof=((32, 32, 32), 32, 0)
LAW m= 129 b=8 Kmin=2790413023932659430153354587299582574602 gamma*=16.400574 gamma/2^b=0.06406 prof=((64, 49), 16, 0)
LAW m= 130 b=8 Kmin=5614854284557389616169891995925105082378 gamma*=16.500574 gamma/2^b=0.06446 prof=((64, 50), 16, 0)
LAW m= 131 b=8 Kmin=11297765042498943350978976428067657036605 gamma*=16.600574 gamma/2^b=0.06485 prof=((64, 51), 16, 0)
LAW m= 132 b=8 Kmin=22731643031766238029719492367987444704881 gamma*=16.700574 gamma/2^b=0.06524 prof=((64, 52), 16, 0)
LAW m= 133 b=8 Kmin=45735511957069202289015546244948057443543 gamma*=16.800574 gamma/2^b=0.06563 prof=((64, 53), 16, 0)
LAW m= 134 b=8 Kmin=92015475701211881094808025838963027607563 gamma*=16.900574 gamma/2^b=0.06602 prof=((64, 54), 16, 0)
LAW m= 135 b=8 Kmin=185119854976570739764364056553032127191461 gamma*=17.000574 gamma/2^b=0.06641 prof=((64, 55), 16, 0)
LAW m= 136 b=8 Kmin=372417517101435459702988588879100314753445 gamma*=17.100574 gamma/2^b=0.06680 prof=((64, 56), 16, 0)
LAW m= 137 b=8 Kmin=749190648499458905262832923172948336548261 gamma*=17.200574 gamma/2^b=0.06719 prof=((64, 57), 16, 0)
LAW m= 138 b=8 Kmin=1507092525592093808231282458889919343362060 gamma*=17.300574 gamma/2^b=0.06758 prof=((64, 58), 16, 0)
LAW m= 139 b=8 Kmin=3031607508370539638349273592428262953320460 gamma*=17.400574 gamma/2^b=0.06797 prof=((64, 59), 16, 0)
LAW m= 140 b=8 Kmin=6098059931113783347431010311559605035781337 gamma*=17.500574 gamma/2^b=0.06836 prof=((64, 60), 16, 0)
{
  "P2_exponential_not_linear": true,
  "L1_band_jump": true,
  "L2_band_interior": true,
  "L3_profile_family": false,
  "L4_eps_envelope": true
}
TERMINAL KMIN_ASYM_DETERMINED
