The following modules were not unloaded:
  (Use "module --force purge" to unload all):

  1) SoftwareTree/Milan
curl: (7) Failed to connect to 127.0.0.1 port 11472: Connection refused
curl: (22) The requested URL returned error: 503
curl: (22) The requested URL returned error: 503
curl: (22) The requested URL returned error: 503
curl: (22) The requested URL returned error: 503
curl: (22) The requested URL returned error: 503
curl: (22) The requested URL returned error: 503
curl: (22) The requested URL returned error: 503
curl: (22) The requested URL returned error: 503
curl: (22) The requested URL returned error: 503
curl: (22) The requested URL returned error: 503
curl: (22) The requested URL returned error: 503
curl: (22) The requested URL returned error: 503
curl: (22) The requested URL returned error: 503
curl: (22) The requested URL returned error: 503
curl: (22) The requested URL returned error: 503
curl: (22) The requested URL returned error: 503
curl: (22) The requested URL returned error: 503
curl: (22) The requested URL returned error: 503
curl: (22) The requested URL returned error: 503
curl: (22) The requested URL returned error: 503
curl: (22) The requested URL returned error: 503
curl: (22) The requested URL returned error: 503
curl: (22) The requested URL returned error: 503
curl: (22) The requested URL returned error: 503
curl: (22) The requested URL returned error: 503
curl: (22) The requested URL returned error: 503
curl: (22) The requested URL returned error: 503
curl: (22) The requested URL returned error: 503
curl: (22) The requested URL returned error: 503
curl: (7) Failed to connect to 127.0.0.1 port 11472: Connection refused
curl: (22) The requested URL returned error: 503
curl: (22) The requested URL returned error: 503
curl: (22) The requested URL returned error: 503
curl: (22) The requested URL returned error: 503
curl: (22) The requested URL returned error: 503
curl: (22) The requested URL returned error: 503
curl: (22) The requested URL returned error: 503
curl: (22) The requested URL returned error: 503
curl: (22) The requested URL returned error: 503
curl: (22) The requested URL returned error: 503
curl: (22) The requested URL returned error: 503
curl: (22) The requested URL returned error: 503
curl: (22) The requested URL returned error: 503
curl: (22) The requested URL returned error: 503
curl: (22) The requested URL returned error: 503
curl: (22) The requested URL returned error: 503
curl: (22) The requested URL returned error: 503
curl: (22) The requested URL returned error: 503
curl: (22) The requested URL returned error: 503
curl: (22) The requested URL returned error: 503
curl: (22) The requested URL returned error: 503
curl: (22) The requested URL returned error: 503
curl: (22) The requested URL returned error: 503
curl: (22) The requested URL returned error: 503
curl: (22) The requested URL returned error: 503
curl: (22) The requested URL returned error: 503
curl: (22) The requested URL returned error: 503
curl: (22) The requested URL returned error: 503
curl: (22) The requested URL returned error: 503
curl: (22) The requested URL returned error: 503
slurmstepd: error: *** JOB 3534108 ON cg15 CANCELLED AT 2026-08-24T14:54:11 ***
